// Jest Snapshot v1, https://goo.gl/fbAQLP

exports[`Enzyme default test render snapshot 1`] = `<ToDo />`;
